<?xml version="1.0" encoding="UTF-8"?>
<testsuites name="jest tests" tests="1" failures="1" errors="0" time="1.491">
  <testsuite name="SommelierCoordinator Integration" errors="0" failures="1" skipped="0" timestamp="2025-06-28T01:28:27" time="1.337" tests="1">
    <testcase classname="SommelierCoordinator Integration orchestrateRecommendation should successfully orchestrate recommendation flow with valid preferences and ingredients" name="SommelierCoordinator Integration orchestrateRecommendation should successfully orchestrate recommendation flow with valid preferences and ingredients" time="0.019">
      <failure>TypeError: Cannot read properties of null (reading &apos;name&apos;)
    at Object.&lt;anonymous&gt; (/home/geoff/src/roo/wine-recommender/backend/core/agents/__tests__/SommelierCoordinator.integration.test.ts:252:43)
    at processTicksAndRejections (node:internal/process/task_queues:95:5)</failure>
    </testcase>
  </testsuite>
</testsuites>